-- Testing uint16
-- Ops block
SELECT 1::uint16 = 1::uint16;
 ?column? 
----------
 t
(1 row)

SELECT 1::uint16 = 0::uint16;
 ?column? 
----------
 f
(1 row)

SELECT 1::uint16 = 1::int2;
 ?column? 
----------
 t
(1 row)

SELECT 1::uint16 = 0::int2;
 ?column? 
----------
 f
(1 row)

SELECT 1::int2 = 1::uint16;
 ?column? 
----------
 t
(1 row)

SELECT 1::int2 = 0::uint16;
 ?column? 
----------
 f
(1 row)

SELECT 1::uint16 = 1::int4;
 ?column? 
----------
 t
(1 row)

SELECT 1::uint16 = 0::int4;
 ?column? 
----------
 f
(1 row)

SELECT 1::int4 = 1::uint16;
 ?column? 
----------
 t
(1 row)

SELECT 1::int4 = 0::uint16;
 ?column? 
----------
 f
(1 row)

SELECT 1::uint16 = 1::int8;
 ?column? 
----------
 t
(1 row)

SELECT 1::uint16 = 0::int8;
 ?column? 
----------
 f
(1 row)

SELECT 1::int8 = 1::uint16;
 ?column? 
----------
 t
(1 row)

SELECT 1::int8 = 0::uint16;
 ?column? 
----------
 f
(1 row)

SELECT 1::uint16 <> 0::uint16;
 ?column? 
----------
 t
(1 row)

SELECT 0::uint16 <> 0::uint16;
 ?column? 
----------
 f
(1 row)

SELECT 1::uint16 <> 0::int2;
 ?column? 
----------
 t
(1 row)

SELECT 0::uint16 <> 0::int2;
 ?column? 
----------
 f
(1 row)

SELECT 1::int2 <> 0::uint16;
 ?column? 
----------
 t
(1 row)

SELECT 0::int2 <> 0::uint16;
 ?column? 
----------
 f
(1 row)

SELECT 1::uint16 <> 0::int4;
 ?column? 
----------
 t
(1 row)

SELECT 0::uint16 <> 0::int4;
 ?column? 
----------
 f
(1 row)

SELECT 1::int4 <> 0::uint16;
 ?column? 
----------
 t
(1 row)

SELECT 0::int4 <> 0::uint16;
 ?column? 
----------
 f
(1 row)

SELECT 1::uint16 <> 0::int8;
 ?column? 
----------
 t
(1 row)

SELECT 0::uint16 <> 0::int8;
 ?column? 
----------
 f
(1 row)

SELECT 1::int8 <> 0::uint16;
 ?column? 
----------
 t
(1 row)

SELECT 0::int8 <> 0::uint16;
 ?column? 
----------
 f
(1 row)

SELECT 1::uint16 > 0::uint16;
 ?column? 
----------
 t
(1 row)

SELECT 0::uint16 > 1::uint16;
 ?column? 
----------
 f
(1 row)

SELECT 1::uint16 > 0::int2;
 ?column? 
----------
 t
(1 row)

SELECT 0::uint16 > 1::int2;
 ?column? 
----------
 f
(1 row)

SELECT 1::int2 > 0::uint16;
 ?column? 
----------
 t
(1 row)

SELECT 0::int2 > 1::uint16;
 ?column? 
----------
 f
(1 row)

SELECT 1::uint16 > 0::int4;
 ?column? 
----------
 t
(1 row)

SELECT 0::uint16 > 1::int4;
 ?column? 
----------
 f
(1 row)

SELECT 1::int4 > 0::uint16;
 ?column? 
----------
 t
(1 row)

SELECT 0::int4 > 1::uint16;
 ?column? 
----------
 f
(1 row)

SELECT 1::uint16 > 0::int8;
 ?column? 
----------
 t
(1 row)

SELECT 0::uint16 > 1::int8;
 ?column? 
----------
 f
(1 row)

SELECT 1::int8 > 0::uint16;
 ?column? 
----------
 t
(1 row)

SELECT 0::int8 > 1::uint16;
 ?column? 
----------
 f
(1 row)

SELECT 0::uint16 < 1::uint16;
 ?column? 
----------
 t
(1 row)

SELECT 1::uint16 < 0::uint16;
 ?column? 
----------
 f
(1 row)

SELECT 0::uint16 < 1::int2;
 ?column? 
----------
 t
(1 row)

SELECT 1::uint16 < 0::int2;
 ?column? 
----------
 f
(1 row)

SELECT 0::int2 < 1::uint16;
 ?column? 
----------
 t
(1 row)

SELECT 1::int2 < 0::uint16;
 ?column? 
----------
 f
(1 row)

SELECT 0::uint16 < 1::int4;
 ?column? 
----------
 t
(1 row)

SELECT 1::uint16 < 0::int4;
 ?column? 
----------
 f
(1 row)

SELECT 0::int4 < 1::uint16;
 ?column? 
----------
 t
(1 row)

SELECT 1::int4 < 0::uint16;
 ?column? 
----------
 f
(1 row)

SELECT 0::uint16 < 1::int8;
 ?column? 
----------
 t
(1 row)

SELECT 1::uint16 < 0::int8;
 ?column? 
----------
 f
(1 row)

SELECT 0::int8 < 1::uint16;
 ?column? 
----------
 t
(1 row)

SELECT 1::int8 < 0::uint16;
 ?column? 
----------
 f
(1 row)

SELECT 1::uint16 >= 0::uint16;
 ?column? 
----------
 t
(1 row)

SELECT 0::uint16 >= 1::uint16;
 ?column? 
----------
 f
(1 row)

SELECT 1::uint16 >= 1::uint16;
 ?column? 
----------
 t
(1 row)

SELECT 1::uint16 >= 0::int2;
 ?column? 
----------
 t
(1 row)

SELECT 0::uint16 >= 1::int2;
 ?column? 
----------
 f
(1 row)

SELECT 1::uint16 >= 1::int2;
 ?column? 
----------
 t
(1 row)

SELECT 1::int2 >= 0::uint16;
 ?column? 
----------
 t
(1 row)

SELECT 0::int2 >= 1::uint16;
 ?column? 
----------
 f
(1 row)

SELECT 1::int2 >= 1::uint16;
 ?column? 
----------
 t
(1 row)

SELECT 1::uint16 >= 0::int4;
 ?column? 
----------
 t
(1 row)

SELECT 0::uint16 >= 1::int4;
 ?column? 
----------
 f
(1 row)

SELECT 1::uint16 >= 1::int4;
 ?column? 
----------
 t
(1 row)

SELECT 1::int4 >= 0::uint16;
 ?column? 
----------
 t
(1 row)

SELECT 0::int4 >= 1::uint16;
 ?column? 
----------
 f
(1 row)

SELECT 1::int4 >= 1::uint16;
 ?column? 
----------
 t
(1 row)

SELECT 1::uint16 >= 0::int8;
 ?column? 
----------
 t
(1 row)

SELECT 0::uint16 >= 1::int8;
 ?column? 
----------
 f
(1 row)

SELECT 1::uint16 >= 1::int8;
 ?column? 
----------
 t
(1 row)

SELECT 1::int8 >= 0::uint16;
 ?column? 
----------
 t
(1 row)

SELECT 0::int8 >= 1::uint16;
 ?column? 
----------
 f
(1 row)

SELECT 1::int8 >= 1::uint16;
 ?column? 
----------
 t
(1 row)

SELECT 0::uint16 <= 1::uint16;
 ?column? 
----------
 t
(1 row)

SELECT 1::uint16 <= 0::uint16;
 ?column? 
----------
 f
(1 row)

SELECT 1::uint16 <= 1::uint16;
 ?column? 
----------
 t
(1 row)

SELECT 0::uint16 <= 1::int2;
 ?column? 
----------
 t
(1 row)

SELECT 1::uint16 <= 0::int2;
 ?column? 
----------
 f
(1 row)

SELECT 1::uint16 <= 1::int2;
 ?column? 
----------
 t
(1 row)

SELECT 0::int2 <= 1::uint16;
 ?column? 
----------
 t
(1 row)

SELECT 1::int2 <= 0::uint16;
 ?column? 
----------
 f
(1 row)

SELECT 1::int2 <= 1::uint16;
 ?column? 
----------
 t
(1 row)

SELECT 0::uint16 <= 1::int4;
 ?column? 
----------
 t
(1 row)

SELECT 1::uint16 <= 0::int4;
 ?column? 
----------
 f
(1 row)

SELECT 1::uint16 <= 1::int4;
 ?column? 
----------
 t
(1 row)

SELECT 0::int4 <= 1::uint16;
 ?column? 
----------
 t
(1 row)

SELECT 1::int4 <= 0::uint16;
 ?column? 
----------
 f
(1 row)

SELECT 1::int4 <= 1::uint16;
 ?column? 
----------
 t
(1 row)

SELECT 0::uint16 <= 1::int8;
 ?column? 
----------
 t
(1 row)

SELECT 1::uint16 <= 0::int8;
 ?column? 
----------
 f
(1 row)

SELECT 1::uint16 <= 1::int8;
 ?column? 
----------
 t
(1 row)

SELECT 0::int8 <= 1::uint16;
 ?column? 
----------
 t
(1 row)

SELECT 1::int8 <= 0::uint16;
 ?column? 
----------
 f
(1 row)

SELECT 1::int8 <= 1::uint16;
 ?column? 
----------
 t
(1 row)

SELECT 120::uint16 + 10::uint16;
 ?column? 
----------
 130
(1 row)

SELECT 120::uint16 + 10::int2;
 ?column? 
----------
 130
(1 row)

SELECT 340282366920938463463374607431768211455::uint16 + 1::int2;
ERROR:  uint16 out of range
SELECT 120::int2 + 10::uint16;
 ?column? 
----------
      130
(1 row)

SELECT 32767::int2 + 1::uint16;
ERROR:  int2 out of range
SELECT (-120)::int2 + 10::uint16;
 ?column? 
----------
     -110
(1 row)

SELECT 120::uint16 + 10::int4;
 ?column? 
----------
 130
(1 row)

SELECT 340282366920938463463374607431768211455::uint16 + 1::int4;
ERROR:  uint16 out of range
SELECT 120::int4 + 10::uint16;
 ?column? 
----------
      130
(1 row)

SELECT 2147483647::int4 + 1::uint16;
ERROR:  int4 out of range
SELECT (-120)::int4 + 10::uint16;
 ?column? 
----------
     -110
(1 row)

SELECT 120::uint16 + 10::int8;
 ?column? 
----------
 130
(1 row)

SELECT 340282366920938463463374607431768211455::uint16 + 1::int8;
ERROR:  uint16 out of range
SELECT 120::int8 + 10::uint16;
 ?column? 
----------
      130
(1 row)

SELECT 9223372036854775807::int8 + 1::uint16;
ERROR:  int8 out of range
SELECT (-120)::int8 + 10::uint16;
 ?column? 
----------
     -110
(1 row)

SELECT 120::uint16 - 10::uint16;
 ?column? 
----------
 110
(1 row)

SELECT 120::uint16 - 10::int2;
 ?column? 
----------
 110
(1 row)

SELECT 0::uint16 - 1::int2;
ERROR:  uint16 out of range
SELECT 120::int2 - 10::uint16;
 ?column? 
----------
      110
(1 row)

SELECT (-32768)::int2 - 1::uint16;
ERROR:  int2 out of range
SELECT (-120)::int2 - 10::uint16;
 ?column? 
----------
     -130
(1 row)

SELECT 120::uint16 - 10::int4;
 ?column? 
----------
 110
(1 row)

SELECT 0::uint16 - 1::int4;
ERROR:  uint16 out of range
SELECT 120::int4 - 10::uint16;
 ?column? 
----------
      110
(1 row)

SELECT (-2147483648)::int4 - 1::uint16;
ERROR:  int4 out of range
SELECT (-120)::int4 - 10::uint16;
 ?column? 
----------
     -130
(1 row)

SELECT 120::uint16 - 10::int8;
 ?column? 
----------
 110
(1 row)

SELECT 0::uint16 - 1::int8;
ERROR:  uint16 out of range
SELECT 120::int8 - 10::uint16;
 ?column? 
----------
      110
(1 row)

SELECT (-9223372036854775808)::int8 - 1::uint16;
ERROR:  int8 out of range
SELECT (-120)::int8 - 10::uint16;
 ?column? 
----------
     -130
(1 row)

SELECT 120::uint16 * 10::uint16;
 ?column? 
----------
 1200
(1 row)

SELECT 120::uint16 * 10::int2;
 ?column? 
----------
 1200
(1 row)

SELECT 340282366920938463463374607431768211455::uint16 * 2::int2;
ERROR:  uint16 out of range
SELECT 120::int2 * 10::uint16;
 ?column? 
----------
     1200
(1 row)

SELECT 32767::int2 * 2::uint16;
ERROR:  int2 out of range
SELECT (-120)::int2 * 10::uint16;
 ?column? 
----------
    -1200
(1 row)

SELECT 120::uint16 * 10::int4;
 ?column? 
----------
 1200
(1 row)

SELECT 340282366920938463463374607431768211455::uint16 * 2::int4;
ERROR:  uint16 out of range
SELECT 120::int4 * 10::uint16;
 ?column? 
----------
     1200
(1 row)

SELECT 2147483647::int4 * 2::uint16;
ERROR:  int4 out of range
SELECT (-120)::int4 * 10::uint16;
 ?column? 
----------
    -1200
(1 row)

SELECT 120::uint16 * 10::int8;
 ?column? 
----------
 1200
(1 row)

SELECT 340282366920938463463374607431768211455::uint16 * 2::int8;
ERROR:  uint16 out of range
SELECT 120::int8 * 10::uint16;
 ?column? 
----------
     1200
(1 row)

SELECT 9223372036854775807::int8 * 2::uint16;
ERROR:  int8 out of range
SELECT (-120)::int8 * 10::uint16;
 ?column? 
----------
    -1200
(1 row)

SELECT 120::uint16 / 10::uint16;
 ?column? 
----------
 12
(1 row)

SELECT 120::uint16 / 10::int2;
 ?column? 
----------
 12
(1 row)

SELECT 1::uint16 / 0::int2;
ERROR:  division by zero
SELECT 120::int2 / 10::uint16;
 ?column? 
----------
       12
(1 row)

SELECT 1::int2 / 0::uint16;
ERROR:  division by zero
SELECT (-120)::int2 / 10::uint16;
 ?column? 
----------
        0
(1 row)

SELECT 120::uint16 / 10::int4;
 ?column? 
----------
 12
(1 row)

SELECT 1::uint16 / 0::int4;
ERROR:  division by zero
SELECT 120::int4 / 10::uint16;
 ?column? 
----------
       12
(1 row)

SELECT 1::int4 / 0::uint16;
ERROR:  division by zero
SELECT (-120)::int4 / 10::uint16;
 ?column? 
----------
        0
(1 row)

SELECT 120::uint16 / 10::int8;
 ?column? 
----------
 12
(1 row)

SELECT 1::uint16 / 0::int8;
ERROR:  division by zero
SELECT 120::int8 / 10::uint16;
 ?column? 
----------
       12
(1 row)

SELECT 1::int8 / 0::uint16;
ERROR:  division by zero
SELECT (-120)::int8 / 10::uint16;
 ?column? 
----------
        0
(1 row)

SELECT 120::uint16 % 10::uint16;
 ?column? 
----------
 0
(1 row)

SELECT 120::uint16 % 10::int2;
 ?column? 
----------
 0
(1 row)

SELECT 1::uint16 % 0::int2;
ERROR:  division by zero
SELECT 120::int2 % 10::uint16;
 ?column? 
----------
        0
(1 row)

SELECT 1::int2 % 0::uint16;
ERROR:  division by zero
SELECT (-120)::int2 % 10::uint16;
 ?column? 
----------
     -120
(1 row)

SELECT 120::uint16 % 10::int4;
 ?column? 
----------
 0
(1 row)

SELECT 1::uint16 % 0::int4;
ERROR:  division by zero
SELECT 120::int4 % 10::uint16;
 ?column? 
----------
        0
(1 row)

SELECT 1::int4 % 0::uint16;
ERROR:  division by zero
SELECT (-120)::int4 % 10::uint16;
 ?column? 
----------
     -120
(1 row)

SELECT 120::uint16 % 10::int8;
 ?column? 
----------
 0
(1 row)

SELECT 1::uint16 % 0::int8;
ERROR:  division by zero
SELECT 120::int8 % 10::uint16;
 ?column? 
----------
        0
(1 row)

SELECT 1::int8 % 0::uint16;
ERROR:  division by zero
SELECT (-120)::int8 % 10::uint16;
 ?column? 
----------
     -120
(1 row)

-- Agg ops block
SELECT sum(s::uint16) FROM generate_series(1, 10000) s;
   sum    
----------
 50005000
(1 row)

SELECT avg(s::uint16) FROM generate_series(1, 10000) s;
          avg          
-----------------------
 5000.5000000000000000
(1 row)

SELECT min(s::uint16) FROM generate_series(1, 10000) s;
 min 
-----
 1
(1 row)

SELECT max(s::uint16) FROM generate_series(1, 10000) s;
  max  
-------
 10000
(1 row)

-- Generate series block
SELECT s FROM generate_series(1::uint16, 10::uint16) s;
 s  
----
 1
 2
 3
 4
 5
 6
 7
 8
 9
 10
(10 rows)

SELECT s FROM generate_series(1::uint16, 10::uint16, 2::uint16) s;
 s 
---
 1
 3
 5
 7
 9
(5 rows)

-- Ranges block
SELECT uint16range(0, 10);
 uint16range 
-------------
 [0,10)
(1 row)

SELECT uint16range(0::uint16, 340282366920938463463374607431768211455::uint16);
                 uint16range                 
---------------------------------------------
 [0,340282366920938463463374607431768211455)
(1 row)

SELECT uint16range(0::uint16, 340282366920938463463374607431768211455::uint16, '[]');
ERROR:  uint16 out of range
SELECT upper(uint16range(0, 10));
 upper 
-------
 10
(1 row)

SELECT lower(uint16range(0, 10));
 lower 
-------
 0
(1 row)

SELECT isempty(uint16range(0, 10));
 isempty 
---------
 f
(1 row)

SELECT uint16range(0, 10) @> 9::uint16;
 ?column? 
----------
 t
(1 row)

SELECT uint16range(0, 10) @> 10::uint16;
 ?column? 
----------
 f
(1 row)

SELECT uint16range(0, 10) && uint16range(10,20);
 ?column? 
----------
 f
(1 row)

SELECT uint16range(0, 10) && uint16range(9,20);
 ?column? 
----------
 t
(1 row)

SELECT uint16range(5, 10) - uint16range(5, 10);
 ?column? 
----------
 empty
(1 row)

SELECT uint16range(5, 10) - uint16range(5, 9);
 ?column? 
----------
 [9,10)
(1 row)

CREATE TEMPORARY TABLE test_uint16range (
    r uint16range,
    EXCLUDE USING GIST (r WITH &&)
);
INSERT INTO test_uint16range (r) VALUES (uint16range(0, 10));
INSERT INTO test_uint16range (r) VALUES (uint16range(10, 20));
INSERT INTO test_uint16range (r) VALUES (uint16range(19, 30));
ERROR:  conflicting key value violates exclusion constraint "test_uint16range_r_excl"
DETAIL:  Key (r)=([19,30)) conflicts with existing key (r)=([10,20)).
DROP TABLE test_uint16range;
